../Middlewares/ST/touchgfx/framework/include/touchgfx/hal/HAL.hpp:116:17:static touchgfx::HAL* touchgfx::HAL::getInstance()	4	static
../TouchGFX/target/generated/OSWrappers.cpp:29:6:static void touchgfx::OSWrappers::initialize()	4	static
../TouchGFX/target/generated/OSWrappers.cpp:38:6:static void touchgfx::OSWrappers::takeFrameBufferSemaphore()	4	static
../TouchGFX/target/generated/OSWrappers.cpp:47:6:static void touchgfx::OSWrappers::giveFrameBufferSemaphore()	4	static
../TouchGFX/target/generated/OSWrappers.cpp:59:6:static void touchgfx::OSWrappers::tryTakeFrameBufferSemaphore()	4	static
../TouchGFX/target/generated/OSWrappers.cpp:71:6:static void touchgfx::OSWrappers::giveFrameBufferSemaphoreFromISR()	4	static
../TouchGFX/target/generated/OSWrappers.cpp:82:6:static void touchgfx::OSWrappers::signalVSync()	4	static
../TouchGFX/target/generated/OSWrappers.cpp:91:6:static void touchgfx::OSWrappers::waitForVSync()	8	static
../TouchGFX/target/generated/OSWrappers.cpp:113:6:static void touchgfx::OSWrappers::taskDelay(uint16_t)	16	static
