../Core/Src/main.c:133:6:line_append	16	static
../Core/Src/main.c:160:5:__io_putchar	24	static
../Core/Src/main.c:179:5:main	24	static
../Core/Src/main.c:313:6:SystemClock_Config	136	static
../Core/Src/main.c:371:13:MX_ADC1_Init	24	static
../Core/Src/main.c:421:13:MX_CRC_Init	8	static
../Core/Src/main.c:447:13:MX_DMA2D_Init	8	static
../Core/Src/main.c:484:13:MX_I2C3_Init	8	static
../Core/Src/main.c:530:13:MX_LTDC_Init	64	static
../Core/Src/main.c:592:13:MX_SPI5_Init	8	static
../Core/Src/main.c:745:13:MX_TIM1_Init	32	static
../Core/Src/main.c:791:13:MX_TIM2_Init	64	static
../Core/Src/main.c:850:13:MX_TIM3_Init	80	static
../Core/Src/main.c:928:13:MX_USART1_UART_Init	8	static
../Core/Src/main.c:961:13:MX_USART2_UART_Init	8	static
../Core/Src/main.c:990:13:MX_FMC_Init	40	static
../Core/Src/main.c:1091:13:MX_GPIO_Init	64	static
../Core/Src/main.c:1134:6:IOE_Write	16	static
../Core/Src/main.c:1145:9:IOE_Read	16	static
../Core/Src/main.c:1158:10:IOE_ReadMultiple	16	static
../Core/Src/main.c:1169:13:I2C3_WriteData	32	static
../Core/Src/main.c:1180:16:I2C3_ReadData	40	static
../Core/Src/main.c:1196:16:I2C3_ReadBuffer	40	static
../Core/Src/main.c:1214:17:SPI5_Read	24	static
../Core/Src/main.c:1226:13:SPI5_Write	16	static
../Core/Src/main.c:1233:6:writeReg	16	static
../Core/Src/main.c:1241:6:writeData	16	static
../Core/Src/main.c:1250:10:LCD_ReadData	24	static
../Core/Src/main.c:1278:6:HAL_TIM_PeriodElapsedCallback	16	static
../Core/Src/main.c:1295:6:Error_Handler	4	static
