../Core/Src/main.c:110:6:line_append	16	static
../Core/Src/main.c:132:5:__io_putchar	24	static
../Core/Src/main.c:146:6:HAL_UART_RxCpltCallback	16	static
../Core/Src/main.c:159:5:main	24	static
../Core/Src/main.c:280:6:SystemClock_Config	136	static
../Core/Src/main.c:338:13:MX_ADC1_Init	24	static
../Core/Src/main.c:388:13:MX_CRC_Init	8	static
../Core/Src/main.c:414:13:MX_DMA2D_Init	8	static
../Core/Src/main.c:451:13:MX_LTDC_Init	64	static
../Core/Src/main.c:513:13:MX_SPI5_Init	8	static
../Core/Src/main.c:666:13:MX_TIM1_Init	32	static
../Core/Src/main.c:712:13:MX_TIM2_Init	64	static
../Core/Src/main.c:771:13:MX_TIM3_Init	80	static
../Core/Src/main.c:849:13:MX_USART1_UART_Init	8	static
../Core/Src/main.c:882:13:MX_USART2_UART_Init	8	static
../Core/Src/main.c:911:13:MX_FMC_Init	40	static
../Core/Src/main.c:1012:13:MX_GPIO_Init	64	static
../Core/Src/main.c:1049:6:writeReg	16	static
../Core/Src/main.c:1057:6:writeData	16	static
../Core/Src/main.c:1074:6:HAL_TIM_PeriodElapsedCallback	16	static
../Core/Src/main.c:1091:6:Error_Handler	4	static
