../Core/Src/stm32f4xx_hal_msp.c:66:6:HAL_MspInit	16	static
../Core/Src/stm32f4xx_hal_msp.c:88:6:HAL_ADC_MspInit	48	static
../Core/Src/stm32f4xx_hal_msp.c:121:6:HAL_ADC_MspDeInit	16	static
../Core/Src/stm32f4xx_hal_msp.c:149:6:HAL_CRC_MspInit	24	static
../Core/Src/stm32f4xx_hal_msp.c:171:6:HAL_CRC_MspDeInit	16	static
../Core/Src/stm32f4xx_hal_msp.c:193:6:HAL_DMA2D_MspInit	24	static
../Core/Src/stm32f4xx_hal_msp.c:218:6:HAL_DMA2D_MspDeInit	16	static
../Core/Src/stm32f4xx_hal_msp.c:243:6:HAL_LTDC_MspInit	64	static
../Core/Src/stm32f4xx_hal_msp.c:355:6:HAL_LTDC_MspDeInit	16	static
../Core/Src/stm32f4xx_hal_msp.c:417:6:HAL_SPI_MspInit	48	static
../Core/Src/stm32f4xx_hal_msp.c:453:6:HAL_SPI_MspDeInit	16	static
../Core/Src/stm32f4xx_hal_msp.c:482:6:HAL_TIM_Base_MspInit	56	static
../Core/Src/stm32f4xx_hal_msp.c:533:6:HAL_TIM_MspPostInit	48	static
../Core/Src/stm32f4xx_hal_msp.c:585:6:HAL_TIM_Base_MspDeInit	16	static
../Core/Src/stm32f4xx_hal_msp.c:638:6:HAL_UART_MspInit	56	static
../Core/Src/stm32f4xx_hal_msp.c:698:6:HAL_UART_MspDeInit	16	static
../Core/Src/stm32f4xx_hal_msp.c:741:13:HAL_FMC_MspInit	32	static
../Core/Src/stm32f4xx_hal_msp.c:847:6:HAL_SDRAM_MspInit	16	static
../Core/Src/stm32f4xx_hal_msp.c:859:13:HAL_FMC_MspDeInit	8	static
../Core/Src/stm32f4xx_hal_msp.c:933:6:HAL_SDRAM_MspDeInit	16	static
