../Core/Src/stm32f4xx_hal_msp.c:66:6:HAL_MspInit	16	static
../Core/Src/stm32f4xx_hal_msp.c:88:6:HAL_ADC_MspInit	48	static
../Core/Src/stm32f4xx_hal_msp.c:121:6:HAL_ADC_MspDeInit	16	static
../Core/Src/stm32f4xx_hal_msp.c:149:6:HAL_CRC_MspInit	24	static
../Core/Src/stm32f4xx_hal_msp.c:171:6:HAL_CRC_MspDeInit	16	static
../Core/Src/stm32f4xx_hal_msp.c:193:6:HAL_DMA2D_MspInit	24	static
../Core/Src/stm32f4xx_hal_msp.c:218:6:HAL_DMA2D_MspDeInit	16	static
../Core/Src/stm32f4xx_hal_msp.c:243:6:HAL_I2C_MspInit	48	static
../Core/Src/stm32f4xx_hal_msp.c:287:6:HAL_I2C_MspDeInit	16	static
../Core/Src/stm32f4xx_hal_msp.c:318:6:HAL_LTDC_MspInit	64	static
../Core/Src/stm32f4xx_hal_msp.c:430:6:HAL_LTDC_MspDeInit	16	static
../Core/Src/stm32f4xx_hal_msp.c:492:6:HAL_SPI_MspInit	48	static
../Core/Src/stm32f4xx_hal_msp.c:528:6:HAL_SPI_MspDeInit	16	static
../Core/Src/stm32f4xx_hal_msp.c:557:6:HAL_TIM_Base_MspInit	56	static
../Core/Src/stm32f4xx_hal_msp.c:608:6:HAL_TIM_MspPostInit	48	static
../Core/Src/stm32f4xx_hal_msp.c:660:6:HAL_TIM_Base_MspDeInit	16	static
../Core/Src/stm32f4xx_hal_msp.c:713:6:HAL_UART_MspInit	56	static
../Core/Src/stm32f4xx_hal_msp.c:773:6:HAL_UART_MspDeInit	16	static
../Core/Src/stm32f4xx_hal_msp.c:816:13:HAL_FMC_MspInit	32	static
../Core/Src/stm32f4xx_hal_msp.c:922:6:HAL_SDRAM_MspInit	16	static
../Core/Src/stm32f4xx_hal_msp.c:934:13:HAL_FMC_MspDeInit	8	static
../Core/Src/stm32f4xx_hal_msp.c:1008:6:HAL_SDRAM_MspDeInit	16	static
